{
  "payloadPart": "COMPLETE",
  "pageNum": 1,
  "totalPages": 1,
  "entityId": "57570475",
  "payLoadType": "application/json",
  "entityType": "OFFER",
  "sourceAction": "PUBLISH",
  "payload": {
    "id": 57570475,
    "externalOfferId": "17546-201072-00",
    "aggregatorOfferId": "329725",
    "manufacturerId": "17546",
    "manufacturerOfferRefCd": "201072",
    "providerName": "EED",
    "categories": {
      "categories2": "Beverages"
    },
    "primaryCategory": {
      "primary_category2": "Beverages"
    },
    "programCode": "MF",
    "programCodeDesc": "Manufacturer Coupon",
    "subProgram": "MC",
    "subProgramDesc": "MC",
    "deliveryChannel": "DO",
    "deliveryChannelDesc": "Digital Only",
    "status": "PU",
    "statusDesc": "Published",
    "priceTitle": "$5.00 OFF Coca-Cola product",
    "priceValue": "$5.00 OFF Coca-Cola product",
    "savingsValueText": "$5.00 OFF Coca-Cola product",
    "productDescription": {
      "product_descprodDsc1": "$5.00 OFF Coca-Cola product when you buy ONE(1) Heineken 12-pack or larger Valid on HEINEKEN family product 12-pack or larger."
    },
    "disclaimerText": "TO CONSUMER: TERMS AND CONDITIONS OF OFFER: MUST BE A RESIDENT OF VALID STATE AND AT LEAST 21 YEARS OF AGE OR OLDER AT TIME OF PURCHASE. Offer valid only in IL and IA for individuals 21 years of age or older. To receive $5.00 through this coupon, you must purchase ONE (1) 12-pack (equivalent or larger) of any HEINEKEN family product AND ONE (1) Coca-Cola product. Limit one (1) offer per customer per qualifying purchase. Offer not to be combined with any other offer or promotion. Void if copied and where taxed or prohibited by law. Offer not to be purchased, sold, or transferred. Valid at all participating licensed off-premise retailers in indicated states. You are responsible for sales tax. Offer not available to groups or organizations, or to employees of HEINEKEN USA Inc., its affiliated companies and agencies, licensed alcohol beverage suppliers, wholesalers, and retailers, or members of their immediate families or households. For coupon redemption, send to HEINEKEN USA Inc., Inmar Brand Solutions Dept. 72890 Mfr Rcv Office 801 UNION PACIFIC BLVD STE 5 LAREDO TX 78045-9475. Purchases must be made between 11/02/2022 and 01/03/2023. ENJOY RESPONSIBLY. Â©2022 Imported by HEINEKEN USA, White Plains, NY. ",
    "description": "MF DO API Automation $5.00 OFF Coca-Cola product when you buy ONE(1) ... 329725",
    "productImageId": "fab8bbd7-cc1f-4687-b058-2dac77c2eb2c",
    "isEmployeeOffer": false,
    "shouldReportRedemptions": true,
    "createdTs": "2022-11-30T21:28:27.112Z",
    "createdApplicationId": "OMS",
    "createdUserId": "sysusr",
    "lastUpdatedApplicationId": "OMS",
    "lastUpdatedUserId": "system",
    "lastUpdatedTs": "2022-11-30T21:28:28.226Z",
    "displayEffectiveStartDate": "2022-12-02T07:00:00Z",
    "displayEffectiveEndDate": "2023-05-31T07:00:00Z",
    "effectiveStartDate": "2022-12-02T07:00:00Z",
    "effectiveEndDate": "2023-05-31T07:00:00Z",
    "terminals": [
      "Groceryworks (Safeway.com)",
      "Smart Cart (QVS Virtual Terminals)",
      "Post Office",
      "Bakery",
      "Customer Service Desk",
      "Liquor",
      "Self-Checkout",
      "Testing Lane",
      "Dry Cleaners",
      "Floral",
      "Standard Checkout",
      "Jamba Juice",
      "Tobacco",
      "Front End",
      "Deli Sandwich Kiosk",
      "Pharmacy Drive-Up",
      "Pharmacy",
      "Video",
      "Cafe Starbucks",
      "Deli",
      "Fuel pay-inside (kiosk)",
      "China/Panda Express"
    ],
    "excludedTerminals": [
      "Gas Station (Pay at Pump)",
      "Fuel Pumps (Power Pump)",
      "Rx Refill Kiosk",
      "Fuel Display",
      "Line Buster",
      "PowerPump"
    ],
    "qualificationUnitType": "PRODUCT",
    "qualificationUnitSubType": "QUANTITY",
    "benefitValueType": "AMOUNT_OFF",
    "usageLimitPerOffer": 75000,
    "copientCategory": "007-J4U Manufacturer Coupons",
    "engine": "CPE",
    "priority": "2",
    "tiers": "1",
    "sendOutboundData": "No External Interface",
    "chargebackVendor": "Heineken USA",
    "autoTransferable": false,
    "enableIssuance": false,
    "deferEvaluationUntilEOS": false,
    "enableImpressionReporting": false,
    "limitEligibilityFrequency": "LIMITED",
    "isApplicableToJ4U": true,
    "qualificationProductGroups": [
      {
        "id": 1047242380,
        "name": "OMSMFPG57570475",
        "quantityUnitType": "ITEMS",
        "quantityUnitDesc": "Items",
        "conjunction": "And",
        "minPurchaseAmount": 0.0,
        "tiers": [
          {
            "level": 1,
            "amount": 1.0
          }
        ],
        "displayOrder": 1
      },
      {
        "id": 1047242382,
        "name": "OMSMFPG1047242382",
        "quantityUnitType": "ITEMS",
        "quantityUnitDesc": "Items",
        "conjunction": "And",
        "minPurchaseAmount": 0.0,
        "tiers": [
          {
            "level": 1,
            "amount": 1.0
          }
        ],
        "displayOrder": 1
      }
    ],
    "qualificationCustomerGroups": [
      {
        "id": 1047242381,
        "name": "OMSMFCG57570475",
        "excludeUsers": false,
        "conjunction": "And"
      }
    ],
    "benefit": {
      "discount": [
        {
          "benefitValueType": "AMOUNT_OFF",
          "benefitValueDesc": "Cents Off",
          "includeProductGroupId": 1047242382,
          "includeProductGroupName": "OMSMFPG1047242382",
          "discountType": "ITEM_LEVEL",
          "discountDesc": "Item Level",
          "chargebackDepartment": "Item\u0027s Department",
          "advanced": {
            "allowNegative": true
          },
          "discountTier": [
            {
              "level": 1,
              "amount": 5.0,
              "itemLimit": 1,
              "receiptText": "Manufacture cpn"
            }
          ]
        }
      ],
      "points": []
    },
    "qualificationStoreGroups": {
      "podStoreGroups": [
        {
          "id": 2094970078,
          "name": "OMSMFSG57570475"
        }
      ],
      "redemptionStoreGroups": [
        {
          "id": 726698638,
          "name": "ecoupon all us acpt"
        }
      ]
    },
    "offerName": "MF DO API Automation $5.00 OFF Coca-Cola product when you buy ONE(1) ... 329725",
    "adType": "NIA",
    "offerProtoType": "BUYX_GETY",
    "offerPrototypeDesc": "Buy X Get Y",
    "requestedRemovalForAll": true,
    "createdUser": {
      "userId": "sysusr",
      "firstName": "System",
      "lastName": "User"
    },
    "updatedUser": {
      "userId": "system",
      "firstName": "System",
      "lastName": "System"
    },
    "firstUpdateToRedemptionEngine": "2022-11-30T21:28:28.169Z",
    "lastUpdateToRedemptionEngine": "2022-11-30T21:28:28.169Z",
    "firstUpdateToJ4U": "2022-11-30T21:28:28.226Z",
    "lastUpdateToJ4U": "2022-11-30T21:28:28.226Z",
    "headLine": "HEINEKEN",
    "isPODApproved": false,
    "podUsageLimitTypePerUser": "ONCE_PER_OFFER",
    "podReferenceOfferId": "NA",
    "adPageNbr": "",
    "adModNbr": 0,
    "ecomDesc": "$5.00 OFF Coca-Cola product",
    "isPrimaryPODOffer": false,
    "adBugText": "",
    "regionIdMap": {
      "32": "JEWEL"
    },
    "inEmail": false,
    "submittedDate": "2022-11-30T21:28:27.112Z",
    "isNationalOffer": false,
    "advertisement": {
      "clippable": true,
      "applicableOnline": true,
      "displayable": true
    },
    "usageLimitTypePerUser": "Once per Offer"
  },
  "lastUpdateTs": "2022-11-30T21:28:28.226Z"
}