{
  "payloadPart": "COMPLETE",
  "pageNum": 1,
  "totalPages": 1,
  "entityId": "90516701",
  "payLoadType": "application/json",
  "entityType": "OFFER",
  "sourceAction": "PUBLISH",
  "payload": {
    "id": 90516701,
    "externalOfferId": "11682-116821-05",
    "aggregatorOfferId": "329824",
    "manufacturerId": "11682",
    "manufacturerOfferRefCd": "116821",
    "providerName": "EED",
    "categories": {
      "categories6": "Condiments, Spices \u0026 Bake"
    },
    "primaryCategory": {
      "primary_category6": "Condiments, Spices \u0026 Bake"
    },
    "programCode": "MF",
    "programCodeDesc": "Manufacturer Coupon",
    "subProgram": "MC",
    "subProgramDesc": "MC",
    "deliveryChannel": "DO",
    "deliveryChannelDesc": "Digital Only",
    "status": "PU",
    "statusDesc": "Published",
    "priceTitle": "Get ONE(1) Free Signature Select Taco Seasoning",
    "priceValue": "Get 1 Free When Buy 1",
    "savingsValueText": "Get ONE(1) Free Signature Select Taco Seasoning",
    "productDescription": {
      "product_descprodDsc1": "Get ONE(1) Free Signature Select Taco Seasoning when you buy ONE(1) Signature Select Taco Seasoning Valid on 1 OZ."
    },
    "disclaimerText": "Offer Detail: Limit one (1) per household. Void if altered, copied, sold, purchased, transferred, exchanged or where prohibited or restricted by law. One coupon per purchase of specified product(s). Consumer pays any sales tax.",
    "description": "MF DO API Automation Get ONE(1) Free Signature Select Taco Seasoning when you buy ONE(... 329824",
    "productImageId": "b1dc7585-65fa-4574-b6f8-e930fa4a3bdb",
    "isEmployeeOffer": false,
    "shouldReportRedemptions": true,
    "createdTs": "2022-12-19T23:23:41.376Z",
    "createdApplicationId": "OMS",
    "createdUserId": "sysusr",
    "lastUpdatedApplicationId": "OMS",
    "lastUpdatedUserId": "system",
    "lastUpdatedTs": "2022-12-19T23:23:42.804Z",
    "displayEffectiveStartDate": "2022-12-02T07:00:00Z",
    "displayEffectiveEndDate": "2023-05-31T07:00:00Z",
    "effectiveStartDate": "2022-12-02T07:00:00Z",
    "effectiveEndDate": "2023-05-31T07:00:00Z",
    "terminals": [
      "Groceryworks (Safeway.com)",
      "Smart Cart (QVS Virtual Terminals)",
      "Post Office",
      "Bakery",
      "Customer Service Desk",
      "Liquor",
      "Self-Checkout",
      "Testing Lane",
      "Dry Cleaners",
      "Floral",
      "Standard Checkout",
      "Jamba Juice",
      "Tobacco",
      "Front End",
      "Deli Sandwich Kiosk",
      "Pharmacy Drive-Up",
      "Pharmacy",
      "Video",
      "Cafe Starbucks",
      "Deli",
      "Fuel pay-inside (kiosk)",
      "China/Panda Express"
    ],
    "excludedTerminals": [
      "Gas Station (Pay at Pump)",
      "Fuel Pumps (Power Pump)",
      "Rx Refill Kiosk",
      "Fuel Display",
      "Line Buster",
      "PowerPump"
    ],
    "qualificationUnitType": "PRODUCT",
    "qualificationUnitSubType": "QUANTITY",
    "benefitValueType": "FREE",
    "usageLimitPerOffer": 100,
    "copientCategory": "007-J4U Manufacturer Coupons",
    "engine": "CPE",
    "priority": "2",
    "tiers": "1",
    "sendOutboundData": "No External Interface",
    "chargebackVendor": "Albertsons Own Brand",
    "autoTransferable": false,
    "enableIssuance": false,
    "deferEvaluationUntilEOS": false,
    "enableImpressionReporting": false,
    "limitEligibilityFrequency": "LIMITED",
    "isApplicableToJ4U": true,
    "qualificationProductGroups": [
      {
        "id": 260757988,
        "name": "OMSMFPG90516701",
        "quantityUnitType": "ITEMS",
        "quantityUnitDesc": "Items",
        "conjunction": "And",
        "minPurchaseAmount": 0.0,
        "tiers": [
          {
            "level": 1,
            "amount": 2.0
          }
        ],
        "displayOrder": 1
      }
    ],
    "qualificationCustomerGroups": [
      {
        "id": 260757987,
        "name": "OMSMFCG90516701",
        "excludeUsers": false,
        "conjunction": "And"
      }
    ],
    "benefit": {
      "discount": [
        {
          "benefitValueType": "FREE",
          "benefitValueDesc": "Free",
          "includeProductGroupId": 260757988,
          "includeProductGroupName": "OMSMFPG90516701",
          "discountType": "ITEM_LEVEL",
          "discountDesc": "Item Level",
          "chargebackDepartment": "Item\u0027s Department",
          "advanced": {
            "allowNegative": true
          },
          "discountTier": [
            {
              "level": 1,
              "amount": 0.0,
              "itemLimit": 1,
              "receiptText": "Manufacture cpn"
            }
          ]
        }
      ],
      "points": []
    },
    "qualificationStoreGroups": {
      "podStoreGroups": [
        {
          "id": 705354257,
          "name": "OMSMFSG90516701"
        }
      ],
      "redemptionStoreGroups": [
        {
          "id": 726698638,
          "name": "ecoupon all us acpt"
        }
      ]
    },
    "offerName": "MF DO Get ONE(1) Free Signature Select Taco Seasoning when you buy ONE(... 329824",
    "adType": "NIA",
    "offerProtoType": "BUYX_GETX",
    "offerPrototypeDesc": "Buy X Get X",
    "requestedRemovalForAll": true,
    "createdUser": {
      "userId": "sysusr",
      "firstName": "System",
      "lastName": "User"
    },
    "updatedUser": {
      "userId": "system",
      "firstName": "System",
      "lastName": "System"
    },
    "firstUpdateToRedemptionEngine": "2022-12-19T23:23:42.753Z",
    "lastUpdateToRedemptionEngine": "2022-12-19T23:23:42.753Z",
    "firstUpdateToJ4U": "2022-12-19T23:23:42.804Z",
    "lastUpdateToJ4U": "2022-12-19T23:23:42.804Z",
    "headLine": "Signature Select",
    "isPODApproved": false,
    "podUsageLimitTypePerUser": "ONCE_PER_OFFER",
    "podReferenceOfferId": "NA",
    "adPageNbr": "",
    "adModNbr": 0,
    "ecomDesc": "Get 1 Free When Buy 1",
    "isPrimaryPODOffer": false,
    "adBugText": "",
    "regionIdMap": {
      "25": "NOR. CALIFORNIA",
      "29": "SO CALIFORNIA"
    },
    "inEmail": false,
    "submittedDate": "2022-12-19T23:23:41.376Z",
    "isNationalOffer": false,
    "advertisement": {
      "clippable": true,
      "applicableOnline": true,
      "displayable": true
    },
    "usageLimitTypePerUser": "Once per Offer"
  },
  "lastUpdateTs": "2022-12-19T23:23:42.804Z"
}