{
  "payloadPart": "COMPLETE",
  "pageNum": 1,
  "totalPages": 1,
  "entityId": "64851749",
  "payLoadType": "application/json",
  "entityType": "OFFER",
  "sourceAction": "PUBLISH",
  "payload": {
    "id": 64851749,
    "externalOfferId": "11985-23640-01",
    "aggregatorOfferId": "329720",
    "manufacturerId": "11985",
    "manufacturerOfferRefCd": "23640",
    "providerName": "EED",
    "categories": {
      "categories19": "Wine, Beer \u0026 Spirits"
    },
    "primaryCategory": {
      "primary_category19": "Wine, Beer \u0026 Spirits"
    },
    "programCode": "MF",
    "programCodeDesc": "Manufacturer Coupon",
    "subProgram": "MC",
    "subProgramDesc": "MC",
    "deliveryChannel": "DO",
    "deliveryChannelDesc": "Digital Only",
    "status": "PU",
    "statusDesc": "Published",
    "priceTitle": "$5.00 REBATE via PayPal",
    "priceValue": "Rebate Available",
    "savingsValueText": "$5.00 REBATE via PayPal",
    "productDescription": {
      "product_descprodDsc1": "API Automation $5.00 REBATE via PayPal when you buy ONE(1) Samuel Adams Lager Valid on ONE (1) 12 pack of Sam Adams (Any Variety)."
    },
    "disclaimerText": "Offer valid to residents of AND purchases made in CA. Must be of legal purchase age to participate. Void where taxed, prohibited, or restricted by law. Limit one rebate per household. The use of multiple addresses to obtain additional rebates constitutes fraud. An official certificate and cash register receipt(s) with price(s) of qualifying products circled must accompany your request. Photocopies or other reproductions will not be accepted. Offeror assumes no responsibility for lost, late, damaged, misdirected, illegible, incomplete or incorrect coupons or postage due mail. Reproduction, purchase, sale or trading of this form or cash register receipts is prohibited. Unless expressly prohibited by law, payee authorizes reasonable dormancy fees deducted if check not cashed within 180 days. Offer not valid for employees of alcohol beverage suppliers, wholesalers or retailers or members of their families or households. Rebate payment will be made directly to the shopper\u0027s registered email address via PayPal within 3-5 business days. If shoppers do not have a PayPal account, they will receive an email at the registered email address from PayPal with prompts to set up an account and claim their rebate. Offer ends 12/13/22. ©2022 The Boston Beer Company, Boston, MA. SAVOR THE FLAVOR RESPONSIBLY. Add Rebate to your Digital Account – Use Your Digital Account at time of purchase – Purchase Required Product(s) – Receive your Rebate Via PayPal in 3 to 5 Business Days. Rebate payment will be made directly to the shopper’s registered email address via PayPal within 3-5 business days. If shoppers do not have a PayPal account, they receive an email at the registered address from PayPal with prompts to set up an account and claim their rebate. In the event that shopper does not claim their funds in PayPal within 30 days of receiving confirmation email, payment will be cancelled. Processing and redemption of rebates is handled by CB Neptune Holdings LLC. For any questions or inquiries regarding redemptions, please contact Albertson’s Support: https://www.albertsons.com/contact-us.html or 1-877-723-3929 or M.S 10501 P.O Box 29093, Phoenix, AZ 85038",
    "description": "MF DO API Automation $5.00 REBATE via PayPal when you buy ONE(1) Samuel... 329720",
    "productImageId": "90a6c06a-e908-4094-b227-4849e4c8c411",
    "isEmployeeOffer": false,
    "shouldReportRedemptions": true,
    "createdTs": "2022-11-30T19:15:25.765Z",
    "createdApplicationId": "OMS",
    "createdUserId": "sysusr",
    "lastUpdatedApplicationId": "OMS",
    "lastUpdatedUserId": "system",
    "lastUpdatedTs": "2022-11-30T19:15:27.077Z",
    "displayEffectiveStartDate": "2022-12-02T07:00:00Z",
    "displayEffectiveEndDate": "2033-05-31T07:00:00Z",
    "effectiveStartDate": "2022-12-02T07:00:00Z",
    "effectiveEndDate": "2033-05-31T07:00:00Z",
    "terminals": [
      "Groceryworks (Safeway.com)",
      "Smart Cart (QVS Virtual Terminals)",
      "Post Office",
      "Bakery",
      "Customer Service Desk",
      "Liquor",
      "Self-Checkout",
      "Testing Lane",
      "Dry Cleaners",
      "Floral",
      "Standard Checkout",
      "Jamba Juice",
      "Tobacco",
      "Front End",
      "Deli Sandwich Kiosk",
      "Pharmacy Drive-Up",
      "Pharmacy",
      "Video",
      "Cafe Starbucks",
      "Deli",
      "Fuel pay-inside (kiosk)",
      "China/Panda Express"
    ],
    "excludedTerminals": [
      "Gas Station (Pay at Pump)",
      "Fuel Pumps (Power Pump)",
      "Rx Refill Kiosk",
      "Fuel Display",
      "Line Buster",
      "PowerPump"
    ],
    "qualificationUnitType": "PRODUCT",
    "qualificationUnitSubType": "QUANTITY",
    "benefitValueType": "AMOUNT_OFF",
    "usageLimitPerOffer": 40000,
    "copientCategory": "011-Non Discount Offers",
    "engine": "CPE",
    "priority": "2",
    "tiers": "1",
    "sendOutboundData": "No External Interface",
    "chargebackVendor": "Boston Beer",
    "autoTransferable": false,
    "enableIssuance": false,
    "deferEvaluationUntilEOS": false,
    "enableImpressionReporting": false,
    "limitEligibilityFrequency": "LIMITED",
    "isApplicableToJ4U": true,
    "qualificationProductGroups": [
      {
        "id": 1959153092,
        "name": "OMSMFPG64851749",
        "quantityUnitType": "ITEMS",
        "quantityUnitDesc": "Items",
        "conjunction": "And",
        "minPurchaseAmount": 0.0,
        "tiers": [
          {
            "level": 1,
            "amount": 1.0
          }
        ],
        "displayOrder": 1
      }
    ],
    "qualificationCustomerGroups": [
      {
        "id": 1959153091,
        "name": "OMSMFCG64851749",
        "excludeUsers": false,
        "conjunction": "And"
      }
    ],
    "benefit": {
      "discount": [],
      "points": [],
      "printedMessage": {
        "message": [
          {
            "level": 1,
            "message": "|STARS|\n|B|Your Digital Rebate is Under Review\nIf the transaction qualifies, you\nwill receive an email for\nadditional information.|B|\n|STARS|"
          }
        ],
        "isApplicableForNotifications": false
      }
    },
    "qualificationStoreGroups": {
      "podStoreGroups": [
        {
          "id": 2082516006,
          "name": "OMSMFSG64851749"
        }
      ],
      "redemptionStoreGroups": [
        {
          "id": 2082516006,
          "name": "OMSMFSG64851749"
        }
      ]
    },
    "offerName": "MF DO $5.00 REBATE via PayPal when you buy ONE(1) Samuel... 329720",
    "adType": "NIA",
    "offerProtoType": "CUSTOM",
    "offerPrototypeDesc": "Custom",
    "requestedRemovalForAll": true,
    "createdUser": {
      "userId": "sysusr",
      "firstName": "System",
      "lastName": "User"
    },
    "updatedUser": {
      "userId": "system",
      "firstName": "System",
      "lastName": "System"
    },
    "firstUpdateToRedemptionEngine": "2022-11-30T19:15:27.01Z",
    "lastUpdateToRedemptionEngine": "2022-11-30T19:15:27.01Z",
    "firstUpdateToJ4U": "2022-11-30T19:15:27.077Z",
    "lastUpdateToJ4U": "2022-11-30T19:15:27.077Z",
    "headLine": "Samuel Adams Beer",
    "isPODApproved": false,
    "podUsageLimitTypePerUser": "ONCE_PER_OFFER",
    "podReferenceOfferId": "NA",
    "adPageNbr": "",
    "adModNbr": 0,
    "ecomDesc": "Rebate Available",
    "isPrimaryPODOffer": false,
    "adBugText": "",
    "regionIdMap": {
      "29": "SO CALIFORNIA"
    },
    "inEmail": false,
    "submittedDate": "2022-11-30T19:15:25.765Z",
    "isNationalOffer": false,
    "advertisement": {
      "clippable": true,
      "applicableOnline": true,
      "displayable": true
    },
    "usageLimitTypePerUser": "Once per Offer"
  },
  "lastUpdateTs": "2022-11-30T19:15:27.077Z"
}