{
  "payloadPart": "COMPLETE",
  "pageNum": 1,
  "totalPages": 1,
  "entityId": "71036230",
  "payLoadType": "application/json",
  "entityType": "OFFER",
  "sourceAction": "PUBLISH",
  "payload": {
    "id": 71036230,
    "externalOfferId": "00219-118570-01",
    "aggregatorOfferId": "329731",
    "manufacturerId": "00219",
    "manufacturerOfferRefCd": "118570",
    "providerName": "EED",
    "categories": {
      "categories2": "Beverages"
    },
    "primaryCategory": {
      "primary_category2": "Beverages"
    },
    "programCode": "MF",
    "programCodeDesc": "Manufacturer Coupon",
    "subProgram": "MC",
    "subProgramDesc": "MC",
    "deliveryChannel": "DO",
    "deliveryChannelDesc": "Digital Only",
    "status": "PU",
    "statusDesc": "Published",
    "priceTitle": "$2.00 OFF",
    "priceValue": "$2.00 OFF When Buy 1 Limit 1",
    "savingsValueText": "$2.00 OFF",
    "productDescription": {
      "product_descprodDsc1": "$2.00 OFF when you buy ONE(1) Starbucks Espresso 4-pack Valid on 6.5 fl. oz. 4 pack."
    },
    "disclaimerText": "CONSUMER: Only one coupon per purchase. You pay sales tax and/or deposit charge, where applicable. Coupon may not be assigned, transferred or reproduced. Any other use constitutes fraud. Cash value 1/100¢. RETAILER: We will reimburse you for the face value plus 8¢ handling if you and the consumer have complied with our Coupon Redemption Policy available at the redemption address. Mail coupons to: Inmar Brand Solutions Dept. 12000 Mfr Rcv Office 801 UNION PACIFIC BLVD STE 5 LAREDO TX 78045-9475. Coupon expires 12/27/2022.",
    "description": "MF DO API Automation $2.00 OFF when you buy ONE(1) Starbucks Espresso 4... 329731",
    "productImageId": "2fbfceb2-0ac9-4ff0-bcc1-4e221b9e469b",
    "isEmployeeOffer": false,
    "shouldReportRedemptions": true,
    "createdTs": "2022-11-30T19:16:25.611Z",
    "createdApplicationId": "OMS",
    "createdUserId": "sysusr",
    "lastUpdatedApplicationId": "OMS",
    "lastUpdatedUserId": "system",
    "lastUpdatedTs": "2022-11-30T19:16:26.606Z",
    "displayEffectiveStartDate": "2022-12-02T07:00:00Z",
    "displayEffectiveEndDate": "2023-05-31T07:00:00Z",
    "effectiveStartDate": "2022-12-02T07:00:00Z",
    "effectiveEndDate": "2023-05-31T07:00:00Z",
    "terminals": [
      "Groceryworks (Safeway.com)",
      "Smart Cart (QVS Virtual Terminals)",
      "Post Office",
      "Bakery",
      "Customer Service Desk",
      "Liquor",
      "Self-Checkout",
      "Testing Lane",
      "Dry Cleaners",
      "Floral",
      "Standard Checkout",
      "Jamba Juice",
      "Tobacco",
      "Front End",
      "Deli Sandwich Kiosk",
      "Pharmacy Drive-Up",
      "Pharmacy",
      "Video",
      "Cafe Starbucks",
      "Deli",
      "Fuel pay-inside (kiosk)",
      "China/Panda Express"
    ],
    "excludedTerminals": [
      "Gas Station (Pay at Pump)",
      "Fuel Pumps (Power Pump)",
      "Rx Refill Kiosk",
      "Fuel Display",
      "Line Buster",
      "PowerPump"
    ],
    "qualificationUnitType": "PRODUCT",
    "qualificationUnitSubType": "QUANTITY",
    "benefitValueType": "AMOUNT_OFF",
    "usageLimitPerOffer": 250000,
    "copientCategory": "007-J4U Manufacturer Coupons",
    "engine": "CPE",
    "priority": "2",
    "tiers": "1",
    "sendOutboundData": "No External Interface",
    "chargebackVendor": "PepsiCo",
    "autoTransferable": false,
    "enableIssuance": false,
    "deferEvaluationUntilEOS": false,
    "enableImpressionReporting": false,
    "limitEligibilityFrequency": "LIMITED",
    "isApplicableToJ4U": true,
    "qualificationProductGroups": [
      {
        "id": 1463013924,
        "name": "OMSMFPG71036230",
        "quantityUnitType": "ITEMS",
        "quantityUnitDesc": "Items",
        "conjunction": "And",
        "minPurchaseAmount": 0.0,
        "tiers": [
          {
            "level": 1,
            "amount": 1.0
          }
        ],
        "displayOrder": 1
      }
    ],
    "qualificationCustomerGroups": [
      {
        "id": 1462970676,
        "name": "OMSMFCG71036230",
        "excludeUsers": false,
        "conjunction": "And"
      }
    ],
    "benefit": {
      "discount": [
        {
          "benefitValueType": "AMOUNT_OFF",
          "benefitValueDesc": "Cents Off",
          "includeProductGroupId": 1463013924,
          "includeProductGroupName": "OMSMFPG71036230",
          "discountType": "ITEM_LEVEL",
          "discountDesc": "Item Level",
          "chargebackDepartment": "Item\u0027s Department",
          "advanced": {
            "allowNegative": true
          },
          "discountTier": [
            {
              "level": 1,
              "amount": 2.0,
              "itemLimit": 1,
              "receiptText": "Manufacture cpn"
            }
          ]
        }
      ],
      "points": []
    },
    "qualificationStoreGroups": {
      "podStoreGroups": [
        {
          "id": 531351549,
          "name": "OMSMFSG71036230"
        }
      ],
      "redemptionStoreGroups": [
        {
          "id": 726698638,
          "name": "ecoupon all us acpt"
        }
      ]
    },
    "offerName": "MF DO API Automation $2.00 OFF when you buy ONE(1) Starbucks Espresso 4... 329731",
    "adType": "NIA",
    "offerProtoType": "ITEM_DISCOUNT",
    "offerPrototypeDesc": "Item Discount",
    "requestedRemovalForAll": true,
    "createdUser": {
      "userId": "sysusr",
      "firstName": "System",
      "lastName": "User"
    },
    "updatedUser": {
      "userId": "system",
      "firstName": "System",
      "lastName": "System"
    },
    "firstUpdateToRedemptionEngine": "2022-11-30T19:16:26.535Z",
    "lastUpdateToRedemptionEngine": "2022-11-30T19:16:26.535Z",
    "firstUpdateToJ4U": "2022-11-30T19:16:26.606Z",
    "lastUpdateToJ4U": "2022-11-30T19:16:26.606Z",
    "headLine": "Starbucks",
    "isPODApproved": false,
    "podUsageLimitTypePerUser": "ONCE_PER_OFFER",
    "podReferenceOfferId": "NA",
    "adPageNbr": "",
    "adModNbr": 0,
    "ecomDesc": "$2.00 OFF When Buy 1 Limit 1",
    "isPrimaryPODOffer": false,
    "adBugText": "",
    "regionIdMap": {
      "33": "SHAWS",
      "34": "MID-ATLANTIC",
      "24": "HAGGEN",
      "25": "NOR. CALIFORNIA",
      "15": "UNITED",
      "27": "SEATTLE",
      "17": "SOUTHWEST",
      "29": "SO CALIFORNIA",
      "19": "PORTLAND",
      "5": "DENVER",
      "30": "INTERMOUNTAIN",
      "20": "SOUTHERN",
      "32": "JEWEL"
    },
    "inEmail": false,
    "submittedDate": "2022-11-30T19:16:25.611Z",
    "isNationalOffer": true,
    "advertisement": {
      "clippable": true,
      "applicableOnline": true,
      "displayable": true
    },
    "usageLimitTypePerUser": "Once per Offer"
  },
  "lastUpdateTs": "2022-11-30T19:16:26.606Z"
}