{
  "payloadPart": "COMPLETE",
  "pageNum": 1,
  "totalPages": 1,
  "entityId": "66116258",
  "payLoadType": "application/json",
  "entityType": "OFFER",
  "sourceAction": "PUBLISH",
  "payload": {
    "id": 66116258,
    "externalOfferId": "00227-047893-01",
    "aggregatorOfferId": "319176",
    "manufacturerId": "00227",
    "manufacturerOfferRefCd": "047893",
    "providerName": "EED",
    "categories": {
      "categories13": "Grains, Pasta \u0026 Sides"
    },
    "primaryCategory": {
      "primary_category13": "Grains, Pasta \u0026 Sides"
    },
    "programCode": "MF",
    "programCodeDesc": "Manufacturer Coupon",
    "subProgram": "MC",
    "subProgramDesc": "MC",
    "deliveryChannel": "DO",
    "deliveryChannelDesc": "Digital Only",
    "status": "PU",
    "statusDesc": "Published",
    "priceTitle": "$1.00 OFF",
    "priceValue": "$1.00 OFF When Buy 1 Limit 1",
    "savingsValueText": "$1.00 OFF",
    "productDescription": {
      "product_descprodDsc1": "API Automation $1.00 OFF when you buy ONE(1) Success Rice or Quinoa Any variety."
    },
    "disclaimerText": "Consumer: Limit one (1) coupon per purchase and quantity stated. No more than one (1) coupon for the same product in the same transaction. Retailer: Coupon will be redeemed for face value plus 8¢ handling if terms of offer have been met. Any other use constitutes fraud. VALID ONLY ON STATED PRODUCT(S). Coupon must be presented at time of purchase and prior to its expiry date. Customer must pay sales tax. No cash back or credit if coupon exceeds selling price. Void if prohibited, altered, transferred, sold, exchanged, taxed, copied or reproduced. Limit one coupon per purchase. Coupons submitted become property of the manufacturer. Reimbursement will be made only to retailer who redeemed the coupon. Cash value 1/20¢. Mail coupons to: Riviana Foods 742, P.O. Box 880001, El Paso, TX 88588-0001.",
    "description": "MF DO API Automation $1.00 OFF when you buy ONE(1) Success Rice or Quinoa Any variety... 319176",
    "productImageId": "0cf87a57-53bd-4bbd-8c21-35c4ecc6a972",
    "isEmployeeOffer": false,
    "shouldReportRedemptions": true,
    "createdTs": "2022-12-17T00:41:17.835Z",
    "createdApplicationId": "OMS",
    "createdUserId": "sysusr",
    "lastUpdatedApplicationId": "OMS",
    "lastUpdatedUserId": "system",
    "lastUpdatedTs": "2022-12-17T00:41:18.874Z",
    "displayEffectiveStartDate": "2022-12-19T07:00:00Z",
    "displayEffectiveEndDate": "2022-12-19T07:00:00Z",
    "effectiveStartDate": "2022-12-19T07:00:00Z",
    "effectiveEndDate": "2022-12-19T07:00:00Z",
    "terminals": [
      "Groceryworks (Safeway.com)",
      "Smart Cart (QVS Virtual Terminals)",
      "Post Office",
      "Bakery",
      "Customer Service Desk",
      "Liquor",
      "Self-Checkout",
      "Testing Lane",
      "Dry Cleaners",
      "Floral",
      "Standard Checkout",
      "Jamba Juice",
      "Tobacco",
      "Front End",
      "Deli Sandwich Kiosk",
      "Pharmacy Drive-Up",
      "Pharmacy",
      "Video",
      "Cafe Starbucks",
      "Deli",
      "Fuel pay-inside (kiosk)",
      "China/Panda Express"
    ],
    "excludedTerminals": [
      "Gas Station (Pay at Pump)",
      "Fuel Pumps (Power Pump)",
      "Rx Refill Kiosk",
      "Fuel Display",
      "Line Buster",
      "PowerPump"
    ],
    "qualificationUnitType": "PRODUCT",
    "qualificationUnitSubType": "QUANTITY",
    "benefitValueType": "AMOUNT_OFF",
    "usageLimitPerOffer": 68750,
    "copientCategory": "007-J4U Manufacturer Coupons",
    "engine": "CPE",
    "priority": "2",
    "tiers": "1",
    "sendOutboundData": "No External Interface",
    "chargebackVendor": "Riviana Foods, Inc",
    "autoTransferable": false,
    "enableIssuance": false,
    "deferEvaluationUntilEOS": false,
    "enableImpressionReporting": false,
    "limitEligibilityFrequency": "LIMITED",
    "isApplicableToJ4U": true,
    "qualificationProductGroups": [
      {
        "id": 1524473788,
        "name": "OMSMFPG66116258",
        "quantityUnitType": "ITEMS",
        "quantityUnitDesc": "Items",
        "conjunction": "And",
        "minPurchaseAmount": 0.0,
        "tiers": [
          {
            "level": 1,
            "amount": 1.0
          }
        ],
        "displayOrder": 1
      }
    ],
    "qualificationCustomerGroups": [
      {
        "id": 1524473789,
        "name": "OMSMFCG66116258",
        "excludeUsers": false,
        "conjunction": "And"
      }
    ],
    "benefit": {
      "discount": [
        {
          "benefitValueType": "AMOUNT_OFF",
          "benefitValueDesc": "Cents Off",
          "includeProductGroupId": 1524473788,
          "includeProductGroupName": "OMSMFPG66116258",
          "discountType": "ITEM_LEVEL",
          "discountDesc": "Item Level",
          "chargebackDepartment": "Item\u0027s Department",
          "advanced": {
            "allowNegative": true
          },
          "discountTier": [
            {
              "level": 1,
              "amount": 1.0,
              "itemLimit": 1,
              "receiptText": "Manufacture cpn"
            }
          ]
        }
      ],
      "points": []
    },
    "qualificationStoreGroups": {
      "podStoreGroups": [
        {
          "id": 524934616,
          "name": "OMSMFSG66116258"
        }
      ],
      "redemptionStoreGroups": [
        {
          "id": 726698638,
          "name": "ecoupon all us acpt"
        }
      ]
    },
    "offerName": "MF DO $1.00 OFF when you buy ONE(1) Success Rice or Quinoa Any variety... 319176",
    "adType": "NIA",
    "offerProtoType": "ITEM_DISCOUNT",
    "offerPrototypeDesc": "Item Discount",
    "requestedRemovalForAll": true,
    "createdUser": {
      "userId": "sysusr",
      "firstName": "System",
      "lastName": "User"
    },
    "updatedUser": {
      "userId": "system",
      "firstName": "System",
      "lastName": "System"
    },
    "firstUpdateToRedemptionEngine": "2022-12-17T00:41:18.806Z",
    "lastUpdateToRedemptionEngine": "2022-12-17T00:41:18.806Z",
    "firstUpdateToJ4U": "2022-12-17T00:41:18.874Z",
    "lastUpdateToJ4U": "2022-12-17T00:41:18.874Z",
    "headLine": "Success",
    "isPODApproved": false,
    "podUsageLimitTypePerUser": "ONCE_PER_OFFER",
    "podReferenceOfferId": "NA",
    "adPageNbr": "",
    "adModNbr": 0,
    "ecomDesc": "$1.00 OFF When Buy 1 Limit 1",
    "isPrimaryPODOffer": false,
    "adBugText": "",
    "regionIdMap": {
      "33": "SHAWS",
      "24": "HAGGEN",
      "25": "NOR. CALIFORNIA",
      "15": "UNITED",
      "27": "SEATTLE",
      "17": "SOUTHWEST",
      "29": "SO CALIFORNIA",
      "19": "PORTLAND",
      "5": "DENVER",
      "30": "INTERMOUNTAIN",
      "20": "SOUTHERN",
      "32": "JEWEL"
    },
    "inEmail": false,
    "submittedDate": "2022-12-17T00:41:17.835Z",
    "isNationalOffer": false,
    "advertisement": {
      "clippable": true,
      "applicableOnline": true,
      "displayable": true
    },
    "usageLimitTypePerUser": "Once per Offer"
  },
  "lastUpdateTs": "2022-12-17T00:41:18.874Z"
}