{
  "payloadPart": "COMPLETE",
  "pageNum": 1,
  "totalPages": 1,
  "entityId": "71821750",
  "payLoadType": "application/json",
  "entityType": "OFFER",
  "sourceAction": "PUBLISH",
  "payload": {
    "id": 71821750,
    "externalOfferId": "14650-030177-00",
    "aggregatorOfferId": "32993112",
    "manufacturerId": "14650",
    "manufacturerOfferRefCd": "030177",
    "providerName": "EED",
    "categories": {
      "categories19": "Wine, Beer & Spirits"
    },
    "primaryCategory": {
      "primary_category19": "Wine, Beer & Spirits"
    },
    "programCode": "MF",
    "programCodeDesc": "Manufacturer Coupon",
    "subProgram": "MC",
    "subProgramDesc": "MC",
    "deliveryChannel": "DO",
    "deliveryChannelDesc": "Digital Only",
    "status": "PU",
    "statusDesc": "Published",
    "priceTitle": "$3.00 OFF",
    "priceValue": "$3.00 OFF When Buy 2 Limit 1",
    "savingsValueText": "$3.00 OFF",
    "productDescription": {
      "product_descprodDsc1": "$3.00 OFF when you buy TWO(2) yellow tail wine Valid on 1.5L, any variety. Items must appear on the same receipt."
    },
    "disclaimerText": "Terms. Consumer: A purchase of two (2) bottles of [ yellow tail ] wine (1.5L only, any varietal of at least $3.01 each, excluding sales tax, is required to redeem this coupon. Coupon valid from 12/12/22 to 1/31/23 at participating off-premises retail locations. Valid in IL and on all military bases located in the United States where legal and accepted. Must be 21 years of age or older. Present this coupon at checkout and receive the face value of this coupon off the purchase price of the eligible alcoholic product(s) indicated. Limit one coupon per purchase. Employees and family members of Deutsch Family Wine & Spirits, its affiliated companies, and alcoholic beverage licensees are not eligible to participate. Coupon may not be copied, multiplied in face value, combined with any other offer, transferred or sold. Consumer pays applicable sales tax. Void where prohibited, taxed, or restricted by law. Retailer: We will reimburse you the face value of this coupon plus 8¢ handling, provided it is properly redeemed according to the Terms stated on this coupon. Offer redeemable only by participating licensed off-premise retailers of wine located in states listed above. Coupons not properly redeemed will be void and held. Invoices proving timely purchase of stock, if applicable, must be submitted upon request. Reproduction of this coupon is expressly prohibited. Any other use constitutes fraud. Coupon cannot be doubled. Customer must pay any sales tax. Redemption or handling of this coupon not according to its Terms constitutes fraud. Cash value .001¢. To redeem, coupons must be mailed/postmarked no later than 30 days after the expiration date and sent to: OFFER #030177 DFWS Dept #21, Arrowhead Promotion, PO Box 130009, El Paso, TX 88513. Void where taxed or prohibited. LIMIT ONE COUPON PER CUSTOMER RECEIPT. [ yellow tail ] is a registered trademark of Casella Wines Pty Ltd. ©2022 Deutsch Family Wine & Spirits, Stamford, CT. Watch Your Tail. Please Drink Responsibly. ",
    "description": "MF DO API Automation $3.00 OFF when you buy TWO(2) yellow tail wine Valid on 1.5L, any... 32993112",
    "productImageId": "ae68a18c-f4de-4cc6-ae17-29003533bc99",
    "isEmployeeOffer": false,
    "shouldReportRedemptions": true,
    "createdTs": "2022-11-26T03:48:08.783Z",
    "createdApplicationId": "OMS",
    "createdUserId": "sysusr",
    "lastUpdatedApplicationId": "OMS",
    "lastUpdatedUserId": "system",
    "lastUpdatedTs": "2022-11-26T03:48:10.358Z",
    "displayEffectiveStartDate": "2022-12-12T07:00Z",
    "displayEffectiveEndDate": "2022-12-18T07:00Z",
    "effectiveStartDate": "2022-12-12T07:00Z",
    "effectiveEndDate": "2023-01-31T07:00Z",
    "terminals": [
      "Groceryworks (Safeway.com)",
      "Smart Cart (QVS Virtual Terminals)",
      "Post Office",
      "Bakery",
      "Customer Service Desk",
      "Liquor",
      "Self-Checkout",
      "Testing Lane",
      "Dry Cleaners",
      "Floral",
      "Standard Checkout",
      "Jamba Juice",
      "Tobacco",
      "Front End",
      "Deli Sandwich Kiosk",
      "Pharmacy Drive-Up",
      "Pharmacy",
      "Video",
      "Cafe Starbucks",
      "Deli",
      "Fuel pay-inside (kiosk)",
      "China/Panda Express"
    ],
    "excludedTerminals": [
      "Gas Station (Pay at Pump)",
      "Fuel Pumps (Power Pump)",
      "Rx Refill Kiosk",
      "Fuel Display",
      "Line Buster",
      "PowerPump"
    ],
    "qualificationUnitType": "PRODUCT",
    "qualificationUnitSubType": "QUANTITY",
    "benefitValueType": "AMOUNT_OFF",
    "usageLimitPerOffer": 3000,
    "copientCategory": "007-J4U Manufacturer Coupons",
    "engine": "CPE",
    "priority": "2",
    "tiers": "1",
    "sendOutboundData": "No External Interface",
    "chargebackVendor": "W.J. DEUTSCH & SONS",
    "autoTransferable": false,
    "enableIssuance": false,
    "deferEvaluationUntilEOS": false,
    "enableImpressionReporting": false,
    "limitEligibilityFrequency": "LIMITED",
    "isApplicableToJ4U": true,
    "qualificationProductGroups": [
      {
        "id": 355430404,
        "name": "OMSMFPG71821750",
        "quantityUnitType": "ITEMS",
        "quantityUnitDesc": "Items",
        "conjunction": "And",
        "minPurchaseAmount": 0.0,
        "tiers": [
          {
            "level": 1,
            "amount": 2.0
          }
        ],
        "displayOrder": 1
      }
    ],
    "qualificationCustomerGroups": [
      {
        "id": 355430403,
        "name": "OMSMFCG71821750",
        "excludeUsers": false,
        "conjunction": "And"
      }
    ],
    "benefit": {
      "discount": [
        {
          "benefitValueType": "AMOUNT_OFF",
          "benefitValueDesc": "Cents Off",
          "includeProductGroupId": 355430404,
          "includeProductGroupName": "OMSMFPG71821750",
          "discountType": "ITEM_LEVEL",
          "discountDesc": "Item Level",
          "chargebackDepartment": "Item's Department",
          "advanced": {
            "allowNegative": true
          },
          "discountTier": [
            {
              "level": 1,
              "amount": 3.0,
              "itemLimit": 1,
              "receiptText": "Manufacture cpn"
            }
          ]
        }
      ],
      "points": []
    },
    "qualificationStoreGroups": {
      "podStoreGroups": [
        {
          "id": 1255275217,
          "name": "OMSMFSG71821750"
        }
      ],
      "redemptionStoreGroups": [
        {
          "id": 1255275217,
          "name": "OMSMFSG71821750"
        }
      ]
    },
    "offerName": "MF DO $3.00 OFF when you buy TWO(2) yellow tail wine Valid on 1.5L, any... 32993112",
    "adType": "NIA",
    "offerProtoType": "MUST_BUY",
    "offerPrototypeDesc": "Must Buy",
    "requestedRemovalForAll": true,
    "createdUser": {
      "userId": "sysusr",
      "firstName": "System",
      "lastName": "User"
    },
    "updatedUser": {
      "userId": "system",
      "firstName": "System",
      "lastName": "System"
    },
    "firstUpdateToRedemptionEngine": "2022-11-26T03:48:10.300Z",
    "lastUpdateToRedemptionEngine": "2022-11-26T03:48:10.300Z",
    "firstUpdateToJ4U": "2022-11-26T03:48:10.358Z",
    "lastUpdateToJ4U": "2022-11-26T03:48:10.358Z",
    "headLine": "yellow tail",
    "isPODApproved": false,
    "podUsageLimitTypePerUser": "ONCE_PER_OFFER",
    "podReferenceOfferId": "NA",
    "adPageNbr": "",
    "adModNbr": 0,
    "ecomDesc": "$3.00 OFF When Buy 2 Limit 1",
    "isPrimaryPODOffer": false,
    "adBugText": "",
    "regionIdMap": {
      "32": "JEWEL"
    },
    "inEmail": false,
    "submittedDate": "2022-11-26T03:48:08.783Z",
    "isNationalOffer": false,
    "advertisement": {
      "clippable": true,
      "applicableOnline": true,
      "displayable": true
    },
    "usageLimitTypePerUser": "Once per Offer"
  },
  "lastUpdateTs": "2022-11-26T03:48:10.358Z"
}