{
  "payloadPart": "COMPLETE",
  "pageNum": 1,
  "totalPages": 1,
  "entityId": "57363308",
  "payLoadType": "application/json",
  "entityType": "OFFER",
  "sourceAction": "PUBLISH",
  "payload": {
    "id": 57363308,
    "externalOfferId": "17835-100570-00",
    "aggregatorOfferId": "329812",
    "manufacturerId": "17835",
    "manufacturerOfferRefCd": "100570",
    "providerName": "EED",
    "categories": {
      "categories8": "Dairy, Eggs \u0026 Cheese"
    },
    "primaryCategory": {
      "primary_category8": "Dairy, Eggs \u0026 Cheese"
    },
    "programCode": "MF",
    "programCodeDesc": "Manufacturer Coupon",
    "subProgram": "MC",
    "subProgramDesc": "MC",
    "deliveryChannel": "DO",
    "deliveryChannelDesc": "Digital Only",
    "status": "PU",
    "statusDesc": "Published",
    "priceTitle": "$0.75 OFF",
    "priceValue": "$0.75 OFF When Buy 3 Limit 1",
    "savingsValueText": "$0.75 OFF",
    "productDescription": {
      "product_descprodDsc1": "$0.75 OFF when you buy THREE(3) LALA Yogurt Smoothies Valid on 7 oz. Items must appear on the same receipt."
    },
    "disclaimerText": "LIMIT ONE (1) COUPON PER PURCHASE OF SPECIFIED PRODUCT AND QUANTITY STATED. NOT TO BE COMBINED WITH ANY OTHER COUPON(S). Retailer: LALA Branded Products will reimburse you for the face value of this coupon plus 8¢ handling if submitted in accordance with LALA Branded Products Coupon Redemption Policy. Mail coupons to: Inmar Dept #83038, LALA U.S., 1 Fawcett Drive, Del Rio, TX 78840. No cash back if coupon value exceeds selling price. Consumer pays sales tax. Void where prohibited or restricted by law. ©2022 LALA Branded Products, LLC",
    "description": "MF DO API Automation $0.75 OFF when you buy THREE(3) LALA Yogurt Smoothies Valid on 7 ... 329812",
    "productImageId": "af5f1dba-cbfe-4acc-acbf-078466d77594",
    "isEmployeeOffer": false,
    "shouldReportRedemptions": true,
    "createdTs": "2022-12-19T19:40:13.201Z",
    "createdApplicationId": "OMS",
    "createdUserId": "sysusr",
    "lastUpdatedApplicationId": "OMS",
    "lastUpdatedUserId": "system",
    "lastUpdatedTs": "2022-12-19T19:40:15.911Z",
    "displayEffectiveStartDate": "2022-12-02T07:00:00Z",
    "displayEffectiveEndDate": "2023-05-31T07:00:00Z",
    "effectiveStartDate": "2022-12-02T07:00:00Z",
    "effectiveEndDate": "2023-05-31T07:00:00Z",
    "terminals": [
      "Groceryworks (Safeway.com)",
      "Smart Cart (QVS Virtual Terminals)",
      "Post Office",
      "Bakery",
      "Customer Service Desk",
      "Liquor",
      "Self-Checkout",
      "Testing Lane",
      "Dry Cleaners",
      "Floral",
      "Standard Checkout",
      "Jamba Juice",
      "Tobacco",
      "Front End",
      "Deli Sandwich Kiosk",
      "Pharmacy Drive-Up",
      "Pharmacy",
      "Video",
      "Cafe Starbucks",
      "Deli",
      "Fuel pay-inside (kiosk)",
      "China/Panda Express"
    ],
    "excludedTerminals": [
      "Gas Station (Pay at Pump)",
      "Fuel Pumps (Power Pump)",
      "Rx Refill Kiosk",
      "Fuel Display",
      "Line Buster",
      "PowerPump"
    ],
    "qualificationUnitType": "PRODUCT",
    "qualificationUnitSubType": "QUANTITY",
    "benefitValueType": "AMOUNT_OFF",
    "usageLimitPerOffer": 55000,
    "copientCategory": "007-J4U Manufacturer Coupons",
    "engine": "CPE",
    "priority": "2",
    "tiers": "1",
    "sendOutboundData": "No External Interface",
    "chargebackVendor": "LALA Branded Products Inc",
    "autoTransferable": false,
    "enableIssuance": false,
    "deferEvaluationUntilEOS": false,
    "enableImpressionReporting": false,
    "limitEligibilityFrequency": "LIMITED",
    "isApplicableToJ4U": true,
    "qualificationProductGroups": [
      {
        "id": 682593708,
        "name": "OMSMFPG57363308",
        "quantityUnitType": "ITEMS",
        "quantityUnitDesc": "Items",
        "conjunction": "And",
        "minPurchaseAmount": 0.0,
        "tiers": [
          {
            "level": 1,
            "amount": 3.0
          }
        ],
        "displayOrder": 1
      }
    ],
    "qualificationCustomerGroups": [
      {
        "id": 682593709,
        "name": "OMSMFCG57363308",
        "excludeUsers": false,
        "conjunction": "And"
      }
    ],
    "benefit": {
      "discount": [
        {
          "benefitValueType": "AMOUNT_OFF",
          "benefitValueDesc": "Cents Off",
          "includeProductGroupId": 682593708,
          "includeProductGroupName": "OMSMFPG57363308",
          "discountType": "ITEM_LEVEL",
          "discountDesc": "Item Level",
          "chargebackDepartment": "Item\u0027s Department",
          "advanced": {
            "allowNegative": true
          },
          "discountTier": [
            {
              "level": 1,
              "amount": 0.75,
              "itemLimit": 1,
              "receiptText": "Manufacture cpn"
            }
          ]
        }
      ],
      "points": []
    },
    "qualificationStoreGroups": {
      "podStoreGroups": [
        {
          "id": 737975280,
          "name": "OMSMFSG57363308"
        }
      ],
      "redemptionStoreGroups": [
        {
          "id": 726698638,
          "name": "ecoupon all us acpt"
        }
      ]
    },
    "offerName": "MF DO $0.75 OFF when you buy THREE(3) LALA Yogurt Smoothies Valid on 7 ... 329812",
    "adType": "NIA",
    "offerProtoType": "MUST_BUY",
    "offerPrototypeDesc": "Must Buy",
    "requestedRemovalForAll": true,
    "createdUser": {
      "userId": "sysusr",
      "firstName": "System",
      "lastName": "User"
    },
    "updatedUser": {
      "userId": "system",
      "firstName": "System",
      "lastName": "System"
    },
    "firstUpdateToRedemptionEngine": "2022-12-19T19:40:15.781Z",
    "lastUpdateToRedemptionEngine": "2022-12-19T19:40:15.781Z",
    "firstUpdateToJ4U": "2022-12-19T19:40:15.911Z",
    "lastUpdateToJ4U": "2022-12-19T19:40:15.911Z",
    "headLine": "LALA Foods",
    "isPODApproved": false,
    "podUsageLimitTypePerUser": "ONCE_PER_OFFER",
    "podReferenceOfferId": "NA",
    "adPageNbr": "",
    "adModNbr": 0,
    "ecomDesc": "$0.75 OFF When Buy 3 Limit 1",
    "isPrimaryPODOffer": false,
    "adBugText": "",
    "regionIdMap": {
      "33": "SHAWS",
      "34": "MID-ATLANTIC",
      "24": "HAGGEN",
      "25": "NOR. CALIFORNIA",
      "15": "UNITED",
      "27": "SEATTLE",
      "17": "SOUTHWEST",
      "29": "SO CALIFORNIA",
      "19": "PORTLAND",
      "5": "DENVER",
      "30": "INTERMOUNTAIN",
      "20": "SOUTHERN",
      "32": "JEWEL"
    },
    "inEmail": false,
    "submittedDate": "2022-12-19T19:40:13.201Z",
    "isNationalOffer": true,
    "advertisement": {
      "clippable": true,
      "applicableOnline": true,
      "displayable": true
    },
    "usageLimitTypePerUser": "Once per Offer"
  },
  "lastUpdateTs": "2022-12-19T19:40:15.911Z"
}